[2026-02-17T19:35:42.355Z] Invoice 376
        Existing GlobalNo: null
        Existing ReceiptCounter: null
        ZimraSync: undefined
        Calculated NextGlobalNo: 31
        Calculated NextReceiptCounter: 9
        --------------------------------
[2026-02-17T19:38:08.651Z] Invoice 377
        Existing GlobalNo: null
        Existing ReceiptCounter: null
        ZimraSync: undefined
        Calculated NextGlobalNo: 32
        Calculated NextReceiptCounter: 9
        --------------------------------
[2026-02-17T19:43:02.969Z] Invoice 378
        Existing GlobalNo: null
        Existing ReceiptCounter: null
        ZimraSync: undefined
        Calculated NextGlobalNo: 33
        Calculated NextReceiptCounter: 9
        --------------------------------
[2026-02-17T19:45:27.578Z] Invoice 379
        Existing GlobalNo: null
        Existing ReceiptCounter: null
        ZimraSync: undefined
        Calculated NextGlobalNo: 33
        Calculated NextReceiptCounter: 9
        --------------------------------
[2026-02-17T19:55:06.795Z] Invoice 380
        Existing GlobalNo: null
        Existing ReceiptCounter: null
        ZimraSync: undefined
        Calculated NextGlobalNo: 34
        Calculated NextReceiptCounter: 9
        --------------------------------
[2026-02-17T19:57:05.468Z] Invoice 381
        Existing GlobalNo: null
        Existing ReceiptCounter: null
        ZimraSync: undefined
        Calculated NextGlobalNo: 35
        Calculated NextReceiptCounter: 9
        --------------------------------
[2026-02-17T20:00:05.595Z] Invoice 382
        Existing GlobalNo: null
        Existing ReceiptCounter: null
        ZimraSync: undefined
        Calculated NextGlobalNo: 36
        Calculated NextReceiptCounter: 9
        --------------------------------
[2026-02-17T20:01:16.641Z] Invoice 383
        Existing GlobalNo: null
        Existing ReceiptCounter: null
        ZimraSync: undefined
        Calculated NextGlobalNo: 36
        Calculated NextReceiptCounter: 9
        --------------------------------
[2026-02-17T20:17:17.487Z] Invoice 365
        Existing GlobalNo: 5
        Existing ReceiptCounter: 2
        ZimraSync: undefined
        Calculated NextGlobalNo: 5
        Calculated NextReceiptCounter: 2
        --------------------------------
[2026-02-17T20:18:45.391Z] Invoice 365
        Existing GlobalNo: 5
        Existing ReceiptCounter: 2
        ZimraSync: undefined
        Calculated NextGlobalNo: 5
        Calculated NextReceiptCounter: 2
        --------------------------------
[2026-02-17T20:19:56.362Z] Invoice 375
        Existing GlobalNo: null
        Existing ReceiptCounter: null
        ZimraSync: undefined
        Calculated NextGlobalNo: 89
        Calculated NextReceiptCounter: 41
        --------------------------------
[2026-02-17T20:48:04.656Z] Invoice 384
        Existing GlobalNo: null
        Existing ReceiptCounter: null
        ZimraSync: undefined
        Calculated NextGlobalNo: 90
        Calculated NextReceiptCounter: 41
        --------------------------------
[2026-02-17T21:21:10.360Z] Invoice 385
        Existing GlobalNo: null
        Existing ReceiptCounter: null
        ZimraSync: undefined
        Calculated NextGlobalNo: 91
        Calculated NextReceiptCounter: 41
        --------------------------------
[2026-02-17T21:23:38.785Z] Invoice 386
        Existing GlobalNo: null
        Existing ReceiptCounter: null
        ZimraSync: undefined
        Calculated NextGlobalNo: 91
        Calculated NextReceiptCounter: 41
        --------------------------------
[2026-02-17T21:24:36.021Z] Invoice 387
        Existing GlobalNo: null
        Existing ReceiptCounter: null
        ZimraSync: undefined
        Calculated NextGlobalNo: 92
        Calculated NextReceiptCounter: 41
        --------------------------------
[2026-02-17T21:24:42.042Z] Invoice 387
        Existing GlobalNo: null
        Existing ReceiptCounter: null
        ZimraSync: undefined
        Calculated NextGlobalNo: 92
        Calculated NextReceiptCounter: 41
        --------------------------------
[2026-02-17T21:28:07.841Z] Invoice 388
        Existing GlobalNo: null
        Existing ReceiptCounter: null
        ZimraSync: undefined
        Calculated NextGlobalNo: 93
        Calculated NextReceiptCounter: 41
        --------------------------------
[2026-02-17T21:34:37.456Z] Invoice 389
        Existing GlobalNo: null
        Existing ReceiptCounter: null
        ZimraSync: undefined
        Calculated NextGlobalNo: 93
        Calculated NextReceiptCounter: 41
        --------------------------------
[2026-02-17T21:40:00.748Z] Invoice 390
        Existing GlobalNo: null
        Existing ReceiptCounter: null
        ZimraSync: undefined
        Calculated NextGlobalNo: 94
        Calculated NextReceiptCounter: 41
        --------------------------------
[2026-02-17T21:43:04.192Z] Invoice 391
        Existing GlobalNo: null
        Existing ReceiptCounter: null
        ZimraSync: undefined
        Calculated NextGlobalNo: 94
        Calculated NextReceiptCounter: 41
        --------------------------------
[2026-02-17T21:46:35.971Z] Invoice 392
        Existing GlobalNo: null
        Existing ReceiptCounter: null
        ZimraSync: undefined
        Calculated NextGlobalNo: 95
        Calculated NextReceiptCounter: 41
        --------------------------------
[2026-02-18T02:15:14.133Z] Invoice 393
        Existing GlobalNo: null
        Existing ReceiptCounter: null
        ZimraSync: undefined
        Calculated NextGlobalNo: 96
        Calculated NextReceiptCounter: 41
        --------------------------------
[2026-02-18T02:17:18.643Z] Invoice 394
        Existing GlobalNo: null
        Existing ReceiptCounter: null
        ZimraSync: undefined
        Calculated NextGlobalNo: 97
        Calculated NextReceiptCounter: 41
        --------------------------------
[2026-02-18T02:20:21.173Z] Invoice 395
        Existing GlobalNo: null
        Existing ReceiptCounter: null
        ZimraSync: undefined
        Calculated NextGlobalNo: 98
        Calculated NextReceiptCounter: 41
        --------------------------------
[2026-02-18T02:54:08.017Z] Invoice 399
        Existing GlobalNo: null
        Existing ReceiptCounter: null
        ZimraSync: undefined
        Calculated NextGlobalNo: 37
        Calculated NextReceiptCounter: 9
        --------------------------------
[2026-02-18T02:55:20.420Z] Invoice 400
        Existing GlobalNo: null
        Existing ReceiptCounter: null
        ZimraSync: undefined
        Calculated NextGlobalNo: 38
        Calculated NextReceiptCounter: 9
        --------------------------------
[2026-02-18T03:03:20.709Z] Invoice 401
        Existing GlobalNo: null
        Existing ReceiptCounter: null
        ZimraSync: undefined
        Calculated NextGlobalNo: 39
        Calculated NextReceiptCounter: 9
        --------------------------------
[2026-02-18T03:16:54.972Z] Invoice 403
        Existing GlobalNo: null
        Existing ReceiptCounter: null
        ZimraSync: undefined
        Calculated NextGlobalNo: 40
        Calculated NextReceiptCounter: 9
        --------------------------------
[2026-02-18T03:32:54.364Z] Invoice 404
        Existing GlobalNo: null
        Existing ReceiptCounter: null
        ZimraSync: undefined
        Calculated NextGlobalNo: 41
        Calculated NextReceiptCounter: 9
        --------------------------------
[2026-02-18T03:36:14.016Z] Invoice 405
        Existing GlobalNo: null
        Existing ReceiptCounter: null
        ZimraSync: undefined
        Calculated NextGlobalNo: 42
        Calculated NextReceiptCounter: 10
        --------------------------------
[2026-02-18T03:38:47.838Z] Invoice 406
        Existing GlobalNo: null
        Existing ReceiptCounter: null
        ZimraSync: undefined
        Calculated NextGlobalNo: 43
        Calculated NextReceiptCounter: 11
        --------------------------------
[2026-02-18T03:40:06.633Z] Invoice 407
        Existing GlobalNo: null
        Existing ReceiptCounter: null
        ZimraSync: undefined
        Calculated NextGlobalNo: 44
        Calculated NextReceiptCounter: 12
        --------------------------------
[2026-02-18T03:42:19.332Z] Invoice 396
        Existing GlobalNo: null
        Existing ReceiptCounter: null
        ZimraSync: undefined
        Calculated NextGlobalNo: 99
        Calculated NextReceiptCounter: 41
        --------------------------------
[2026-02-18T03:42:33.792Z] Invoice 397
        Existing GlobalNo: null
        Existing ReceiptCounter: null
        ZimraSync: undefined
        Calculated NextGlobalNo: 100
        Calculated NextReceiptCounter: 42
        --------------------------------
[2026-02-18T03:42:47.548Z] Invoice 398
        Existing GlobalNo: null
        Existing ReceiptCounter: null
        ZimraSync: undefined
        Calculated NextGlobalNo: 101
        Calculated NextReceiptCounter: 43
        --------------------------------
[2026-02-18T03:43:58.948Z] Invoice 408
        Existing GlobalNo: null
        Existing ReceiptCounter: null
        ZimraSync: undefined
        Calculated NextGlobalNo: 45
        Calculated NextReceiptCounter: 1
        --------------------------------
[2026-02-18T03:48:04.027Z] Invoice 409
        Existing GlobalNo: null
        Existing ReceiptCounter: null
        ZimraSync: undefined
        Calculated NextGlobalNo: 46
        Calculated NextReceiptCounter: 13
        --------------------------------
[2026-02-18T03:49:18.382Z] Invoice 410
        Existing GlobalNo: null
        Existing ReceiptCounter: null
        ZimraSync: undefined
        Calculated NextGlobalNo: 47
        Calculated NextReceiptCounter: 14
        --------------------------------
[2026-02-18T04:18:53.569Z] Invoice 411
        Existing GlobalNo: null
        Existing ReceiptCounter: null
        ZimraSync: undefined
        Calculated NextGlobalNo: 117
        Calculated NextReceiptCounter: 18
        --------------------------------
[2026-02-18T04:19:41.402Z] Invoice 412
        Existing GlobalNo: null
        Existing ReceiptCounter: null
        ZimraSync: undefined
        Calculated NextGlobalNo: 118
        Calculated NextReceiptCounter: 19
        --------------------------------
[2026-02-18T04:21:13.453Z] Invoice 413
        Existing GlobalNo: null
        Existing ReceiptCounter: null
        ZimraSync: undefined
        Calculated NextGlobalNo: 119
        Calculated NextReceiptCounter: 20
        --------------------------------
[2026-02-18T04:23:16.778Z] Invoice 329
        Existing GlobalNo: null
        Existing ReceiptCounter: null
        ZimraSync: undefined
        Calculated NextGlobalNo: 120
        Calculated NextReceiptCounter: 21
        --------------------------------
[2026-02-18T04:24:32.648Z] Invoice 414
        Existing GlobalNo: null
        Existing ReceiptCounter: null
        ZimraSync: undefined
        Calculated NextGlobalNo: 121
        Calculated NextReceiptCounter: 22
        --------------------------------
[2026-02-18T04:37:57.919Z] Invoice 415
        Existing GlobalNo: null
        Existing ReceiptCounter: null
        ZimraSync: undefined
        Calculated NextGlobalNo: 122
        Calculated NextReceiptCounter: 23
        --------------------------------
[2026-02-18T04:39:08.570Z] Invoice 416
        Existing GlobalNo: null
        Existing ReceiptCounter: null
        ZimraSync: undefined
        Calculated NextGlobalNo: 123
        Calculated NextReceiptCounter: 24
        --------------------------------
[2026-02-18T04:54:33.112Z] Invoice 417
        Existing GlobalNo: null
        Existing ReceiptCounter: null
        ZimraSync: undefined
        Calculated NextGlobalNo: 2
        Calculated NextReceiptCounter: 1
        --------------------------------
[2026-02-18T04:55:21.567Z] Invoice 418
        Existing GlobalNo: null
        Existing ReceiptCounter: null
        ZimraSync: undefined
        Calculated NextGlobalNo: 3
        Calculated NextReceiptCounter: 2
        --------------------------------
[2026-02-18T04:55:53.491Z] Invoice 419
        Existing GlobalNo: null
        Existing ReceiptCounter: null
        ZimraSync: undefined
        Calculated NextGlobalNo: 4
        Calculated NextReceiptCounter: 3
        --------------------------------
[2026-02-18T04:57:49.544Z] Invoice 420
        Existing GlobalNo: null
        Existing ReceiptCounter: null
        ZimraSync: undefined
        Calculated NextGlobalNo: 5
        Calculated NextReceiptCounter: 4
        --------------------------------
[2026-02-18T05:01:02.277Z] Invoice 421
        Existing GlobalNo: null
        Existing ReceiptCounter: null
        ZimraSync: undefined
        Calculated NextGlobalNo: 6
        Calculated NextReceiptCounter: 5
        --------------------------------
[2026-02-18T05:01:38.993Z] Invoice 422
        Existing GlobalNo: null
        Existing ReceiptCounter: null
        ZimraSync: undefined
        Calculated NextGlobalNo: 7
        Calculated NextReceiptCounter: 6
        --------------------------------
[2026-02-18T05:02:59.401Z] Invoice 423
        Existing GlobalNo: null
        Existing ReceiptCounter: null
        ZimraSync: undefined
        Calculated NextGlobalNo: 8
        Calculated NextReceiptCounter: 7
        --------------------------------
[2026-02-18T05:04:55.139Z] Invoice 424
        Existing GlobalNo: null
        Existing ReceiptCounter: null
        ZimraSync: undefined
        Calculated NextGlobalNo: 9
        Calculated NextReceiptCounter: 8
        --------------------------------
[2026-02-18T05:07:10.655Z] Invoice 425
        Existing GlobalNo: null
        Existing ReceiptCounter: null
        ZimraSync: undefined
        Calculated NextGlobalNo: 10
        Calculated NextReceiptCounter: 9
        --------------------------------
[2026-02-18T05:31:47.852Z] Invoice 426
        Existing GlobalNo: null
        Existing ReceiptCounter: null
        ZimraSync: undefined
        Calculated NextGlobalNo: 48
        Calculated NextReceiptCounter: 15
        --------------------------------
[2026-02-18T05:33:36.892Z] Invoice 427
        Existing GlobalNo: null
        Existing ReceiptCounter: null
        ZimraSync: undefined
        Calculated NextGlobalNo: 49
        Calculated NextReceiptCounter: 16
        --------------------------------
[2026-02-18T05:35:37.691Z] Invoice 428
        Existing GlobalNo: null
        Existing ReceiptCounter: null
        ZimraSync: undefined
        Calculated NextGlobalNo: 50
        Calculated NextReceiptCounter: 17
        --------------------------------
[2026-02-18T06:02:19.937Z] Invoice 429
        Existing GlobalNo: null
        Existing ReceiptCounter: null
        ZimraSync: undefined
        Calculated NextGlobalNo: 51
        Calculated NextReceiptCounter: 18
        --------------------------------
[2026-02-18T06:10:52.769Z] Invoice 430
        Existing GlobalNo: null
        Existing ReceiptCounter: null
        ZimraSync: undefined
        Calculated NextGlobalNo: 52
        Calculated NextReceiptCounter: 19
        --------------------------------
[2026-02-18T06:14:28.246Z] Invoice 431
        Existing GlobalNo: null
        Existing ReceiptCounter: null
        ZimraSync: undefined
        Calculated NextGlobalNo: 53
        Calculated NextReceiptCounter: 20
        --------------------------------
[2026-02-18T06:30:37.924Z] Invoice 432
        Existing GlobalNo: null
        Existing ReceiptCounter: null
        ZimraSync: undefined
        Calculated NextGlobalNo: 54
        Calculated NextReceiptCounter: 21
        --------------------------------
[2026-02-18T09:42:38.679Z] Invoice 433
        Existing GlobalNo: null
        Existing ReceiptCounter: null
        ZimraSync: undefined
        Calculated NextGlobalNo: 55
        Calculated NextReceiptCounter: 22
        --------------------------------
[2026-02-18T10:09:37.538Z] Invoice 435
        Existing GlobalNo: null
        Existing ReceiptCounter: null
        ZimraSync: undefined
        Calculated NextGlobalNo: 56
        Calculated NextReceiptCounter: 23
        --------------------------------
[2026-02-23T08:29:53.748Z] Invoice 455
        Existing GlobalNo: null
        Existing ReceiptCounter: null
        ZimraSync: undefined
        Calculated NextGlobalNo: 103
        Calculated NextReceiptCounter: 45
        --------------------------------
[2026-02-23T08:30:41.687Z] Invoice 456
        Existing GlobalNo: null
        Existing ReceiptCounter: null
        ZimraSync: undefined
        Calculated NextGlobalNo: 104
        Calculated NextReceiptCounter: 46
        --------------------------------
[2026-03-14T13:54:02.994Z] Invoice 643
        Existing GlobalNo: null
        Existing ReceiptCounter: null
        ZimraSync: undefined
        Calculated NextGlobalNo: 107
        Calculated NextReceiptCounter: 49
        --------------------------------
[2026-03-15T19:23:51.334Z] Invoice 667
        Existing GlobalNo: null
        Existing ReceiptCounter: null
        ZimraSync: undefined
        Calculated NextGlobalNo: 108
        Calculated NextReceiptCounter: 50
        --------------------------------
[2026-03-15T19:37:29.623Z] Invoice 668
        Existing GlobalNo: null
        Existing ReceiptCounter: null
        ZimraSync: undefined
        Calculated NextGlobalNo: 109
        Calculated NextReceiptCounter: 51
        --------------------------------
[2026-03-15T19:52:20.749Z] Invoice 669
        Existing GlobalNo: null
        Existing ReceiptCounter: null
        ZimraSync: undefined
        Calculated NextGlobalNo: 110
        Calculated NextReceiptCounter: 52
        --------------------------------
[2026-03-17T18:38:47.579Z] Invoice 691
        Existing GlobalNo: null
        Existing ReceiptCounter: null
        ZimraSync: undefined
        Calculated NextGlobalNo: 62
        Calculated NextReceiptCounter: 3
        --------------------------------
[2026-03-19T22:33:38.997Z] Invoice 726
        Existing GlobalNo: null
        Existing ReceiptCounter: null
        ZimraSync: undefined
        Calculated NextGlobalNo: 2
        Calculated NextReceiptCounter: 2
        --------------------------------
[2026-03-20T05:43:16.349Z] Invoice 727
        Existing GlobalNo: null
        Existing ReceiptCounter: null
        ZimraSync: undefined
        Calculated NextGlobalNo: 3
        Calculated NextReceiptCounter: 3
        --------------------------------
[2026-03-20T05:43:56.486Z] Invoice 728
        Existing GlobalNo: null
        Existing ReceiptCounter: null
        ZimraSync: undefined
        Calculated NextGlobalNo: 4
        Calculated NextReceiptCounter: 4
        --------------------------------
[2026-03-20T05:44:42.240Z] Invoice 729
        Existing GlobalNo: null
        Existing ReceiptCounter: null
        ZimraSync: undefined
        Calculated NextGlobalNo: 5
        Calculated NextReceiptCounter: 5
        --------------------------------
[2026-03-20T16:42:47.829Z] Invoice 743
        Existing GlobalNo: null
        Existing ReceiptCounter: null
        ZimraSync: undefined
        Calculated NextGlobalNo: 6
        Calculated NextReceiptCounter: 6
        --------------------------------
[2026-03-21T20:07:42.155Z] Invoice 760
        Existing GlobalNo: null
        Existing ReceiptCounter: null
        ZimraSync: undefined
        Calculated NextGlobalNo: 7
        Calculated NextReceiptCounter: 8
        --------------------------------
[2026-03-21T20:07:57.660Z] Invoice 761
        Existing GlobalNo: null
        Existing ReceiptCounter: null
        ZimraSync: undefined
        Calculated NextGlobalNo: 8
        Calculated NextReceiptCounter: 9
        --------------------------------
[2026-03-21T20:10:08.789Z] Invoice 762
        Existing GlobalNo: null
        Existing ReceiptCounter: null
        ZimraSync: undefined
        Calculated NextGlobalNo: 9
        Calculated NextReceiptCounter: 10
        --------------------------------
[2026-03-21T20:26:45.746Z] Invoice 765
        Existing GlobalNo: null
        Existing ReceiptCounter: null
        ZimraSync: undefined
        Calculated NextGlobalNo: 12
        Calculated NextReceiptCounter: 13
        --------------------------------
[2026-03-21T21:04:07.749Z] Invoice 772
        Existing GlobalNo: null
        Existing ReceiptCounter: null
        ZimraSync: undefined
        Calculated NextGlobalNo: 13
        Calculated NextReceiptCounter: 15
        --------------------------------
[2026-03-21T21:04:11.315Z] Invoice 773
        Existing GlobalNo: null
        Existing ReceiptCounter: null
        ZimraSync: undefined
        Calculated NextGlobalNo: 14
        Calculated NextReceiptCounter: 16
        --------------------------------
[2026-03-21T21:05:27.995Z] Invoice 774
        Existing GlobalNo: null
        Existing ReceiptCounter: null
        ZimraSync: undefined
        Calculated NextGlobalNo: 15
        Calculated NextReceiptCounter: 17
        --------------------------------
[2026-03-21T21:07:28.146Z] Invoice 775
        Existing GlobalNo: null
        Existing ReceiptCounter: null
        ZimraSync: undefined
        Calculated NextGlobalNo: 16
        Calculated NextReceiptCounter: 18
        --------------------------------
[2026-03-21T21:14:00.146Z] Invoice 776
        Existing GlobalNo: null
        Existing ReceiptCounter: null
        ZimraSync: undefined
        Calculated NextGlobalNo: 16
        Calculated NextReceiptCounter: 19
        --------------------------------
[2026-03-21T21:20:36.651Z] Invoice 777
        Existing GlobalNo: null
        Existing ReceiptCounter: null
        ZimraSync: undefined
        Calculated NextGlobalNo: 17
        Calculated NextReceiptCounter: 20
        --------------------------------
[2026-03-21T21:21:11.934Z] Invoice 778
        Existing GlobalNo: null
        Existing ReceiptCounter: null
        ZimraSync: undefined
        Calculated NextGlobalNo: 18
        Calculated NextReceiptCounter: 21
        --------------------------------
[2026-03-21T21:22:35.418Z] Invoice 779
        Existing GlobalNo: null
        Existing ReceiptCounter: null
        ZimraSync: undefined
        Calculated NextGlobalNo: 19
        Calculated NextReceiptCounter: 22
        --------------------------------
[2026-03-21T21:26:12.878Z] Invoice 781
        Existing GlobalNo: null
        Existing ReceiptCounter: null
        ZimraSync: undefined
        Calculated NextGlobalNo: 20
        Calculated NextReceiptCounter: 23
        --------------------------------
[2026-03-21T21:26:32.483Z] Invoice 782
        Existing GlobalNo: null
        Existing ReceiptCounter: null
        ZimraSync: undefined
        Calculated NextGlobalNo: 21
        Calculated NextReceiptCounter: 24
        --------------------------------
[2026-03-21T21:39:01.141Z] Invoice 784
        Existing GlobalNo: null
        Existing ReceiptCounter: null
        ZimraSync: undefined
        Calculated NextGlobalNo: 23
        Calculated NextReceiptCounter: 26
        --------------------------------
[2026-03-21T21:40:04.724Z] Invoice 785
        Existing GlobalNo: null
        Existing ReceiptCounter: null
        ZimraSync: undefined
        Calculated NextGlobalNo: 24
        Calculated NextReceiptCounter: 27
        --------------------------------
[2026-03-26T00:02:13.434Z] Invoice 831
        Existing GlobalNo: null
        Existing ReceiptCounter: null
        ZimraSync: undefined
        Calculated NextGlobalNo: 45
        Calculated NextReceiptCounter: 49
        --------------------------------
[2026-03-26T00:03:44.458Z] Invoice 832
        Existing GlobalNo: null
        Existing ReceiptCounter: null
        ZimraSync: undefined
        Calculated NextGlobalNo: 46
        Calculated NextReceiptCounter: 50
        --------------------------------
[2026-03-26T00:08:02.899Z] Invoice 833
        Existing GlobalNo: null
        Existing ReceiptCounter: null
        ZimraSync: undefined
        Calculated NextGlobalNo: 47
        Calculated NextReceiptCounter: 51
        --------------------------------
[2026-03-26T00:09:05.390Z] Invoice 834
        Existing GlobalNo: null
        Existing ReceiptCounter: null
        ZimraSync: undefined
        Calculated NextGlobalNo: 48
        Calculated NextReceiptCounter: 52
        --------------------------------
[2026-03-26T00:17:15.168Z] Invoice 835
        Existing GlobalNo: null
        Existing ReceiptCounter: null
        ZimraSync: undefined
        Calculated NextGlobalNo: 48
        Calculated NextReceiptCounter: 53
        --------------------------------
[2026-03-26T00:18:06.455Z] Invoice 836
        Existing GlobalNo: null
        Existing ReceiptCounter: null
        ZimraSync: undefined
        Calculated NextGlobalNo: 49
        Calculated NextReceiptCounter: 54
        --------------------------------
[2026-03-26T06:25:15.915Z] Invoice 837
        Existing GlobalNo: null
        Existing ReceiptCounter: null
        ZimraSync: undefined
        Calculated NextGlobalNo: 50
        Calculated NextReceiptCounter: 55
        --------------------------------
[2026-03-26T06:25:22.904Z] Invoice 838
        Existing GlobalNo: null
        Existing ReceiptCounter: null
        ZimraSync: undefined
        Calculated NextGlobalNo: 51
        Calculated NextReceiptCounter: 56
        --------------------------------
[2026-03-26T06:25:32.030Z] Invoice 839
        Existing GlobalNo: null
        Existing ReceiptCounter: null
        ZimraSync: undefined
        Calculated NextGlobalNo: 52
        Calculated NextReceiptCounter: 57
        --------------------------------
[2026-03-26T06:25:38.860Z] Invoice 840
        Existing GlobalNo: null
        Existing ReceiptCounter: null
        ZimraSync: undefined
        Calculated NextGlobalNo: 53
        Calculated NextReceiptCounter: 58
        --------------------------------
[2026-03-26T06:25:40.815Z] Invoice 841
        Existing GlobalNo: null
        Existing ReceiptCounter: null
        ZimraSync: undefined
        Calculated NextGlobalNo: 54
        Calculated NextReceiptCounter: 59
        --------------------------------
[2026-03-26T06:26:54.587Z] Invoice 842
        Existing GlobalNo: null
        Existing ReceiptCounter: null
        ZimraSync: undefined
        Calculated NextGlobalNo: 55
        Calculated NextReceiptCounter: 60
        --------------------------------
[2026-03-26T06:28:17.807Z] Invoice 843
        Existing GlobalNo: null
        Existing ReceiptCounter: null
        ZimraSync: undefined
        Calculated NextGlobalNo: 56
        Calculated NextReceiptCounter: 61
        --------------------------------
[2026-03-26T06:28:21.644Z] Invoice 844
        Existing GlobalNo: null
        Existing ReceiptCounter: null
        ZimraSync: undefined
        Calculated NextGlobalNo: 57
        Calculated NextReceiptCounter: 62
        --------------------------------
[2026-03-26T06:28:33.450Z] Invoice 845
        Existing GlobalNo: null
        Existing ReceiptCounter: null
        ZimraSync: undefined
        Calculated NextGlobalNo: 58
        Calculated NextReceiptCounter: 63
        --------------------------------
[2026-03-26T06:28:46.630Z] Invoice 846
        Existing GlobalNo: null
        Existing ReceiptCounter: null
        ZimraSync: undefined
        Calculated NextGlobalNo: 59
        Calculated NextReceiptCounter: 64
        --------------------------------
[2026-03-26T06:33:32.786Z] Invoice 847
        Existing GlobalNo: null
        Existing ReceiptCounter: null
        ZimraSync: undefined
        Calculated NextGlobalNo: 60
        Calculated NextReceiptCounter: 65
        --------------------------------
[2026-03-26T07:40:37.607Z] Invoice 849
        Existing GlobalNo: null
        Existing ReceiptCounter: null
        ZimraSync: undefined
        Calculated NextGlobalNo: 61
        Calculated NextReceiptCounter: 66
        --------------------------------
[2026-03-26T09:01:38.350Z] Invoice 871
        Existing GlobalNo: null
        Existing ReceiptCounter: null
        ZimraSync: undefined
        Calculated NextGlobalNo: 62
        Calculated NextReceiptCounter: 67
        --------------------------------
[2026-03-26T10:05:08.793Z] Invoice 890
        Existing GlobalNo: null
        Existing ReceiptCounter: null
        ZimraSync: undefined
        Calculated NextGlobalNo: 63
        Calculated NextReceiptCounter: 68
        --------------------------------
[2026-03-27T09:14:07.509Z] Invoice 1035
        Existing GlobalNo: null
        Existing ReceiptCounter: null
        ZimraSync: undefined
        Calculated NextGlobalNo: 78
        Calculated NextReceiptCounter: 83
        --------------------------------
[2026-03-28T03:36:52.285Z] Invoice 1112
        Existing GlobalNo: null
        Existing ReceiptCounter: null
        ZimraSync: undefined
        Calculated NextGlobalNo: 63
        Calculated NextReceiptCounter: 2
        --------------------------------
[2026-03-28T03:39:31.361Z] Invoice 1113
        Existing GlobalNo: null
        Existing ReceiptCounter: null
        ZimraSync: undefined
        Calculated NextGlobalNo: 64
        Calculated NextReceiptCounter: 3
        --------------------------------
[2026-03-28T03:40:19.661Z] Invoice 1114
        Existing GlobalNo: null
        Existing ReceiptCounter: null
        ZimraSync: undefined
        Calculated NextGlobalNo: 65
        Calculated NextReceiptCounter: 4
        --------------------------------
[2026-03-28T08:55:57.716Z] Invoice 1175
        Existing GlobalNo: null
        Existing ReceiptCounter: null
        ZimraSync: undefined
        Calculated NextGlobalNo: 86
        Calculated NextReceiptCounter: 2
        --------------------------------
[2026-03-29T13:27:12.758Z] Invoice 1195
        Existing GlobalNo: null
        Existing ReceiptCounter: null
        ZimraSync: undefined
        Calculated NextGlobalNo: 81
        Calculated NextReceiptCounter: 86
        --------------------------------
[2026-03-29T15:43:36.162Z] Invoice 1196
        Existing GlobalNo: null
        Existing ReceiptCounter: null
        ZimraSync: undefined
        Calculated NextGlobalNo: 81
        Calculated NextReceiptCounter: 87
        --------------------------------
[2026-03-29T15:46:33.614Z] Invoice 1197
        Existing GlobalNo: null
        Existing ReceiptCounter: null
        ZimraSync: undefined
        Calculated NextGlobalNo: 82
        Calculated NextReceiptCounter: 88
        --------------------------------
[2026-04-02T19:41:37.130Z] Invoice 1607
        Existing GlobalNo: null
        Existing ReceiptCounter: null
        ZimraSync: undefined
        Calculated NextGlobalNo: 83
        Calculated NextReceiptCounter: 89
        --------------------------------
[2026-04-02T19:41:43.775Z] Invoice 1608
        Existing GlobalNo: null
        Existing ReceiptCounter: null
        ZimraSync: undefined
        Calculated NextGlobalNo: 84
        Calculated NextReceiptCounter: 90
        --------------------------------
[2026-04-02T19:42:14.501Z] Invoice 1609
        Existing GlobalNo: null
        Existing ReceiptCounter: null
        ZimraSync: undefined
        Calculated NextGlobalNo: 1
        Calculated NextReceiptCounter: 1
        --------------------------------
[2026-04-02T19:43:47.428Z] Invoice 1610
        Existing GlobalNo: null
        Existing ReceiptCounter: null
        ZimraSync: undefined
        Calculated NextGlobalNo: 2
        Calculated NextReceiptCounter: 2
        --------------------------------
[2026-04-02T19:51:10.479Z] Invoice 1611
        Existing GlobalNo: null
        Existing ReceiptCounter: null
        ZimraSync: undefined
        Calculated NextGlobalNo: 3
        Calculated NextReceiptCounter: 3
        --------------------------------
[2026-04-02T19:52:20.369Z] Invoice 1612
        Existing GlobalNo: null
        Existing ReceiptCounter: null
        ZimraSync: undefined
        Calculated NextGlobalNo: 4
        Calculated NextReceiptCounter: 4
        --------------------------------
[2026-04-02T19:58:08.720Z] Invoice 1613
        Existing GlobalNo: null
        Existing ReceiptCounter: null
        ZimraSync: undefined
        Calculated NextGlobalNo: 5
        Calculated NextReceiptCounter: 5
        --------------------------------
[2026-04-02T19:58:54.255Z] Invoice 1614
        Existing GlobalNo: null
        Existing ReceiptCounter: null
        ZimraSync: undefined
        Calculated NextGlobalNo: 6
        Calculated NextReceiptCounter: 6
        --------------------------------
[2026-04-02T20:05:08.009Z] Invoice 1615
        Existing GlobalNo: null
        Existing ReceiptCounter: null
        ZimraSync: undefined
        Calculated NextGlobalNo: 7
        Calculated NextReceiptCounter: 7
        --------------------------------
[2026-04-02T20:05:52.348Z] Invoice 1616
        Existing GlobalNo: null
        Existing ReceiptCounter: null
        ZimraSync: undefined
        Calculated NextGlobalNo: 8
        Calculated NextReceiptCounter: 8
        --------------------------------
[2026-04-02T20:15:13.501Z] Invoice 1617
        Existing GlobalNo: null
        Existing ReceiptCounter: null
        ZimraSync: undefined
        Calculated NextGlobalNo: 9
        Calculated NextReceiptCounter: 9
        --------------------------------
[2026-04-02T20:19:55.120Z] Invoice 1618
        Existing GlobalNo: null
        Existing ReceiptCounter: null
        ZimraSync: undefined
        Calculated NextGlobalNo: 10
        Calculated NextReceiptCounter: 10
        --------------------------------
[2026-04-02T20:27:22.686Z] Invoice 1619
        Existing GlobalNo: null
        Existing ReceiptCounter: null
        ZimraSync: undefined
        Calculated NextGlobalNo: 11
        Calculated NextReceiptCounter: 11
        --------------------------------
[2026-04-02T20:28:33.759Z] Invoice 1620
        Existing GlobalNo: null
        Existing ReceiptCounter: null
        ZimraSync: undefined
        Calculated NextGlobalNo: 12
        Calculated NextReceiptCounter: 12
        --------------------------------
[2026-04-03T03:19:41.121Z] Invoice 1621
        Existing GlobalNo: null
        Existing ReceiptCounter: null
        ZimraSync: undefined
        Calculated NextGlobalNo: 13
        Calculated NextReceiptCounter: 13
        --------------------------------
[2026-04-03T03:34:49.984Z] Invoice 1622
        Existing GlobalNo: null
        Existing ReceiptCounter: null
        ZimraSync: undefined
        Calculated NextGlobalNo: 14
        Calculated NextReceiptCounter: 14
        --------------------------------
[2026-04-03T03:36:05.718Z] Invoice 1623
        Existing GlobalNo: null
        Existing ReceiptCounter: null
        ZimraSync: undefined
        Calculated NextGlobalNo: 15
        Calculated NextReceiptCounter: 15
        --------------------------------
[2026-04-03T03:45:16.536Z] Invoice 1624
        Existing GlobalNo: null
        Existing ReceiptCounter: null
        ZimraSync: undefined
        Calculated NextGlobalNo: 16
        Calculated NextReceiptCounter: 16
        --------------------------------
[2026-04-03T03:51:56.921Z] Invoice 1625
        Existing GlobalNo: null
        Existing ReceiptCounter: null
        ZimraSync: undefined
        Calculated NextGlobalNo: 17
        Calculated NextReceiptCounter: 17
        --------------------------------
[2026-04-03T03:54:38.728Z] Invoice 1626
        Existing GlobalNo: null
        Existing ReceiptCounter: null
        ZimraSync: undefined
        Calculated NextGlobalNo: 18
        Calculated NextReceiptCounter: 18
        --------------------------------
[2026-04-03T04:41:56.147Z] Invoice 1627
        Existing GlobalNo: null
        Existing ReceiptCounter: null
        ZimraSync: undefined
        Calculated NextGlobalNo: 19
        Calculated NextReceiptCounter: 19
        --------------------------------
[2026-04-03T05:25:37.619Z] Invoice 1628
        Existing GlobalNo: null
        Existing ReceiptCounter: null
        ZimraSync: undefined
        Calculated NextGlobalNo: 20
        Calculated NextReceiptCounter: 20
        --------------------------------
[2026-04-03T05:26:45.577Z] Invoice 1629
        Existing GlobalNo: null
        Existing ReceiptCounter: null
        ZimraSync: undefined
        Calculated NextGlobalNo: 21
        Calculated NextReceiptCounter: 21
        --------------------------------
[2026-04-03T05:30:06.209Z] Invoice 1630
        Existing GlobalNo: null
        Existing ReceiptCounter: null
        ZimraSync: undefined
        Calculated NextGlobalNo: 22
        Calculated NextReceiptCounter: 22
        --------------------------------
[2026-04-03T05:32:37.338Z] Invoice 1631
        Existing GlobalNo: null
        Existing ReceiptCounter: null
        ZimraSync: undefined
        Calculated NextGlobalNo: 23
        Calculated NextReceiptCounter: 23
        --------------------------------
[2026-04-03T05:34:02.150Z] Invoice 1632
        Existing GlobalNo: null
        Existing ReceiptCounter: null
        ZimraSync: undefined
        Calculated NextGlobalNo: 24
        Calculated NextReceiptCounter: 24
        --------------------------------
[2026-04-03T05:34:55.477Z] Invoice 1633
        Existing GlobalNo: null
        Existing ReceiptCounter: null
        ZimraSync: undefined
        Calculated NextGlobalNo: 25
        Calculated NextReceiptCounter: 25
        --------------------------------
[2026-04-03T05:35:35.540Z] Invoice 1634
        Existing GlobalNo: null
        Existing ReceiptCounter: null
        ZimraSync: undefined
        Calculated NextGlobalNo: 26
        Calculated NextReceiptCounter: 26
        --------------------------------
[2026-04-03T05:36:04.664Z] Invoice 1635
        Existing GlobalNo: null
        Existing ReceiptCounter: null
        ZimraSync: undefined
        Calculated NextGlobalNo: 27
        Calculated NextReceiptCounter: 27
        --------------------------------
[2026-04-03T05:44:45.303Z] Invoice 1636
        Existing GlobalNo: null
        Existing ReceiptCounter: null
        ZimraSync: undefined
        Calculated NextGlobalNo: 28
        Calculated NextReceiptCounter: 28
        --------------------------------
[2026-04-03T05:45:29.569Z] Invoice 1637
        Existing GlobalNo: null
        Existing ReceiptCounter: null
        ZimraSync: undefined
        Calculated NextGlobalNo: 29
        Calculated NextReceiptCounter: 29
        --------------------------------
[2026-04-03T05:49:29.551Z] Invoice 1638
        Existing GlobalNo: null
        Existing ReceiptCounter: null
        ZimraSync: undefined
        Calculated NextGlobalNo: 30
        Calculated NextReceiptCounter: 30
        --------------------------------
[2026-04-03T05:53:10.247Z] Invoice 1639
        Existing GlobalNo: null
        Existing ReceiptCounter: null
        ZimraSync: undefined
        Calculated NextGlobalNo: 31
        Calculated NextReceiptCounter: 31
        --------------------------------
[2026-04-03T05:56:40.332Z] Invoice 1640
        Existing GlobalNo: null
        Existing ReceiptCounter: null
        ZimraSync: undefined
        Calculated NextGlobalNo: 32
        Calculated NextReceiptCounter: 32
        --------------------------------
[2026-04-03T05:58:15.320Z] Invoice 1641
        Existing GlobalNo: null
        Existing ReceiptCounter: null
        ZimraSync: undefined
        Calculated NextGlobalNo: 33
        Calculated NextReceiptCounter: 33
        --------------------------------
[2026-04-03T05:58:48.176Z] Invoice 1642
        Existing GlobalNo: null
        Existing ReceiptCounter: null
        ZimraSync: undefined
        Calculated NextGlobalNo: 34
        Calculated NextReceiptCounter: 34
        --------------------------------
[2026-04-03T05:59:14.007Z] Invoice 1643
        Existing GlobalNo: null
        Existing ReceiptCounter: null
        ZimraSync: undefined
        Calculated NextGlobalNo: 35
        Calculated NextReceiptCounter: 35
        --------------------------------
[2026-04-23T12:52:48.487Z] Invoice 1872
        Existing GlobalNo: null
        Existing ReceiptCounter: null
        ZimraSync: undefined
        Calculated NextGlobalNo: 52
        Calculated NextReceiptCounter: 2
        --------------------------------
[2026-04-23T13:29:24.627Z] Invoice 1876
        Existing GlobalNo: null
        Existing ReceiptCounter: null
        ZimraSync: undefined
        Calculated NextGlobalNo: 53
        Calculated NextReceiptCounter: 3
        --------------------------------
[2026-04-23T13:30:08.128Z] Invoice 1877
        Existing GlobalNo: null
        Existing ReceiptCounter: null
        ZimraSync: undefined
        Calculated NextGlobalNo: 54
        Calculated NextReceiptCounter: 4
        --------------------------------
[2026-04-23T13:30:08.901Z] Invoice 1878
        Existing GlobalNo: null
        Existing ReceiptCounter: null
        ZimraSync: undefined
        Calculated NextGlobalNo: 55
        Calculated NextReceiptCounter: 5
        --------------------------------
[2026-04-23T13:30:37.461Z] Invoice 1879
        Existing GlobalNo: null
        Existing ReceiptCounter: null
        ZimraSync: undefined
        Calculated NextGlobalNo: 56
        Calculated NextReceiptCounter: 6
        --------------------------------
[2026-04-23T13:36:14.037Z] Invoice 1880
        Existing GlobalNo: null
        Existing ReceiptCounter: null
        ZimraSync: undefined
        Calculated NextGlobalNo: 57
        Calculated NextReceiptCounter: 7
        --------------------------------
[2026-04-23T13:56:45.271Z] Invoice 1881
        Existing GlobalNo: null
        Existing ReceiptCounter: null
        ZimraSync: undefined
        Calculated NextGlobalNo: 58
        Calculated NextReceiptCounter: 8
        --------------------------------
[2026-04-23T14:21:21.767Z] Invoice 1886
        Existing GlobalNo: null
        Existing ReceiptCounter: null
        ZimraSync: undefined
        Calculated NextGlobalNo: 57
        Calculated NextReceiptCounter: 9
        --------------------------------
[2026-04-23T14:54:51.052Z] Invoice 1900
        Existing GlobalNo: null
        Existing ReceiptCounter: null
        ZimraSync: undefined
        Calculated NextGlobalNo: 429
        Calculated NextReceiptCounter: 1
        --------------------------------
[2026-04-23T14:55:44.089Z] Invoice 1901
        Existing GlobalNo: null
        Existing ReceiptCounter: null
        ZimraSync: undefined
        Calculated NextGlobalNo: 430
        Calculated NextReceiptCounter: 2
        --------------------------------
[2026-04-23T14:56:45.999Z] Invoice 1903
        Existing GlobalNo: null
        Existing ReceiptCounter: null
        ZimraSync: undefined
        Calculated NextGlobalNo: 431
        Calculated NextReceiptCounter: 3
        --------------------------------
[2026-04-23T14:58:04.557Z] Invoice 1904
        Existing GlobalNo: null
        Existing ReceiptCounter: null
        ZimraSync: undefined
        Calculated NextGlobalNo: 432
        Calculated NextReceiptCounter: 4
        --------------------------------
[2026-04-23T14:58:29.076Z] Invoice 1905
        Existing GlobalNo: null
        Existing ReceiptCounter: null
        ZimraSync: undefined
        Calculated NextGlobalNo: 433
        Calculated NextReceiptCounter: 5
        --------------------------------
[2026-04-23T14:59:30.204Z] Invoice 1906
        Existing GlobalNo: null
        Existing ReceiptCounter: null
        ZimraSync: undefined
        Calculated NextGlobalNo: 434
        Calculated NextReceiptCounter: 6
        --------------------------------
[2026-04-23T15:07:16.088Z] Invoice 1907
        Existing GlobalNo: null
        Existing ReceiptCounter: null
        ZimraSync: undefined
        Calculated NextGlobalNo: 435
        Calculated NextReceiptCounter: 7
        --------------------------------
[2026-04-23T15:07:28.589Z] Invoice 1908
        Existing GlobalNo: null
        Existing ReceiptCounter: null
        ZimraSync: undefined
        Calculated NextGlobalNo: 436
        Calculated NextReceiptCounter: 8
        --------------------------------
[2026-04-23T15:07:49.212Z] Invoice 1909
        Existing GlobalNo: null
        Existing ReceiptCounter: null
        ZimraSync: undefined
        Calculated NextGlobalNo: 437
        Calculated NextReceiptCounter: 9
        --------------------------------
[2026-04-23T15:08:38.377Z] Invoice 1910
        Existing GlobalNo: null
        Existing ReceiptCounter: null
        ZimraSync: undefined
        Calculated NextGlobalNo: 438
        Calculated NextReceiptCounter: 10
        --------------------------------
[2026-04-23T15:09:32.915Z] Invoice 1911
        Existing GlobalNo: null
        Existing ReceiptCounter: null
        ZimraSync: undefined
        Calculated NextGlobalNo: 439
        Calculated NextReceiptCounter: 11
        --------------------------------
[2026-04-23T15:18:35.137Z] Invoice 1912
        Existing GlobalNo: null
        Existing ReceiptCounter: null
        ZimraSync: undefined
        Calculated NextGlobalNo: 440
        Calculated NextReceiptCounter: 12
        --------------------------------
[2026-04-23T15:26:12.307Z] Invoice 1913
        Existing GlobalNo: null
        Existing ReceiptCounter: null
        ZimraSync: undefined
        Calculated NextGlobalNo: 441
        Calculated NextReceiptCounter: 13
        --------------------------------
[2026-04-23T15:27:01.101Z] Invoice 1915
        Existing GlobalNo: null
        Existing ReceiptCounter: null
        ZimraSync: undefined
        Calculated NextGlobalNo: 442
        Calculated NextReceiptCounter: 14
        --------------------------------
<<<<<<< HEAD
[2026-04-30T04:05:42.335Z] Invoice 1971
        Existing GlobalNo: null
        Existing ReceiptCounter: null
        ZimraSync: undefined
        Calculated NextGlobalNo: 453
        Calculated NextReceiptCounter: 1
        --------------------------------
[2026-04-30T04:13:07.894Z] Invoice 1972
        Existing GlobalNo: null
        Existing ReceiptCounter: null
        ZimraSync: undefined
        Calculated NextGlobalNo: 454
        Calculated NextReceiptCounter: 2
=======
[2026-04-30T04:53:02.672Z] Invoice 1973
        Existing GlobalNo: null
        Existing ReceiptCounter: null
        ZimraSync: undefined
        Calculated NextGlobalNo: 455
        Calculated NextReceiptCounter: 3
>>>>>>> c602be7dedbc9c590350377091f09290d1fa95fc
        --------------------------------
[2026-05-05T09:52:29.903Z] Invoice 2057
        Existing GlobalNo: null
        Existing ReceiptCounter: null
        ZimraSync: undefined
        Calculated NextGlobalNo: 1
        Calculated NextReceiptCounter: 1
        --------------------------------
[2026-05-05T10:11:06.705Z] Invoice 2060
        Existing GlobalNo: null
        Existing ReceiptCounter: null
        ZimraSync: undefined
        Calculated NextGlobalNo: 2
        Calculated NextReceiptCounter: 2
        --------------------------------
[2026-05-05T10:13:57.130Z] Invoice 2062
        Existing GlobalNo: null
        Existing ReceiptCounter: null
        ZimraSync: undefined
        Calculated NextGlobalNo: 3
        Calculated NextReceiptCounter: 3
        --------------------------------
[2026-05-05T10:15:28.964Z] Invoice 2063
        Existing GlobalNo: null
        Existing ReceiptCounter: null
        ZimraSync: undefined
        Calculated NextGlobalNo: 4
        Calculated NextReceiptCounter: 4
        --------------------------------
[2026-05-05T10:17:18.777Z] Invoice 2061
        Existing GlobalNo: null
        Existing ReceiptCounter: null
        ZimraSync: undefined
        Calculated NextGlobalNo: 5
        Calculated NextReceiptCounter: 5
        --------------------------------
[2026-05-05T10:22:06.830Z] Invoice 2064
        Existing GlobalNo: null
        Existing ReceiptCounter: null
        ZimraSync: undefined
        Calculated NextGlobalNo: 6
        Calculated NextReceiptCounter: 6
        --------------------------------
[2026-05-05T10:26:05.377Z] Invoice 2068
        Existing GlobalNo: null
        Existing ReceiptCounter: null
        ZimraSync: undefined
        Calculated NextGlobalNo: 7
        Calculated NextReceiptCounter: 7
        --------------------------------
[2026-05-18T11:12:48.086Z] Invoice 2732
        Existing GlobalNo: null
        Existing ReceiptCounter: null
        ZimraSync: undefined
        Calculated NextGlobalNo: 5
        Calculated NextReceiptCounter: 4
        --------------------------------
[2026-05-18T11:15:05.855Z] Invoice 2733
        Existing GlobalNo: null
        Existing ReceiptCounter: null
        ZimraSync: undefined
        Calculated NextGlobalNo: 5
        Calculated NextReceiptCounter: 5
        --------------------------------
[2026-05-18T11:18:17.164Z] Invoice 2735
        Existing GlobalNo: null
        Existing ReceiptCounter: null
        ZimraSync: undefined
        Calculated NextGlobalNo: 5
        Calculated NextReceiptCounter: 6
        --------------------------------
[2026-05-18T11:21:49.421Z] Invoice 2736
        Existing GlobalNo: null
        Existing ReceiptCounter: null
        ZimraSync: undefined
        Calculated NextGlobalNo: 5
        Calculated NextReceiptCounter: 7
        --------------------------------
[2026-05-18T11:57:22.584Z] Invoice 2748
        Existing GlobalNo: 9
        Existing ReceiptCounter: 8
        ZimraSync: undefined
        Calculated NextGlobalNo: 9
        Calculated NextReceiptCounter: 8
        --------------------------------
[2026-05-18T12:30:35.423Z] Invoice 2759
        Existing GlobalNo: null
        Existing ReceiptCounter: null
        ZimraSync: undefined
        Calculated NextGlobalNo: 10
        Calculated NextReceiptCounter: 9
        --------------------------------
[2026-05-18T12:32:19.834Z] Invoice 2760
        Existing GlobalNo: null
        Existing ReceiptCounter: null
        ZimraSync: undefined
        Calculated NextGlobalNo: 11
        Calculated NextReceiptCounter: 10
        --------------------------------
[2026-05-22T10:22:24.378Z] Invoice 3628
        Existing GlobalNo: null
        Existing ReceiptCounter: null
        ZimraSync: undefined
        Calculated NextGlobalNo: 58
        Calculated NextReceiptCounter: 10
        --------------------------------
[2026-05-25T07:01:33.216Z] Invoice 4009
        Existing GlobalNo: null
        Existing ReceiptCounter: null
        ZimraSync: undefined
        Calculated NextGlobalNo: 1
        Calculated NextReceiptCounter: 1
        --------------------------------
[2026-05-25T07:02:01.180Z] Invoice 4010
        Existing GlobalNo: null
        Existing ReceiptCounter: null
        ZimraSync: undefined
        Calculated NextGlobalNo: 2
        Calculated NextReceiptCounter: 2
        --------------------------------
[2026-05-25T07:02:28.916Z] Invoice 4011
        Existing GlobalNo: null
        Existing ReceiptCounter: null
        ZimraSync: undefined
        Calculated NextGlobalNo: 3
        Calculated NextReceiptCounter: 3
        --------------------------------
[2026-05-25T07:02:48.783Z] Invoice 4012
        Existing GlobalNo: null
        Existing ReceiptCounter: null
        ZimraSync: undefined
        Calculated NextGlobalNo: 4
        Calculated NextReceiptCounter: 4
        --------------------------------
[2026-05-25T07:03:20.998Z] Invoice 4013
        Existing GlobalNo: null
        Existing ReceiptCounter: null
        ZimraSync: undefined
        Calculated NextGlobalNo: 5
        Calculated NextReceiptCounter: 5
        --------------------------------
[2026-05-25T07:03:43.129Z] Invoice 4014
        Existing GlobalNo: null
        Existing ReceiptCounter: null
        ZimraSync: undefined
        Calculated NextGlobalNo: 6
        Calculated NextReceiptCounter: 6
        --------------------------------
