[
  "accounting_segments",
  "accounts",
  "api_logs",
  "approval_requests",
  "assigned_assets",
  "audit_logs",
  "bank_rules",
  "bank_statement_lines",
  "bank_statements",
  "bill_of_materials",
  "bom_items",
  "branch_stocks",
  "branch_users",
  "branches",
  "bus_reconciliations",
  "bus_routes",
  "bus_shifts",
  "bus_tickets",
  "bus_trips",
  "bus_vehicles",
  "cashbook_entries",
  "cashbook_entry_lines",
  "companies",
  "company_access_roles",
  "company_partners",
  "company_role_permissions",
  "company_roles",
  "company_users",
  "compound_product_items",
  "compound_products",
  "consignment_purchase_orders",
  "consignments",
  "cost_centers",
  "currencies",
  "customer_products",
  "customer_stock",
  "customers",
  "invoices",
  "products",
  "sales_orders",
  "customer_statements_view",
  "customer_stock_transactions",
  "departments",
  "depreciation_runs",
  "disciplinary_records",
  "document_number_counters",
  "employee_contracts",
  "employee_deduction_history",
  "employee_documents",
  "employee_employment_history",
  "employee_income_history",
  "employee_loans",
  "employee_payroll_profiles",
  "employee_salary_changes",
  "employee_salary_history",
  "employees",
  "expenses",
  "financial_periods",
  "fiscalization_jobs",
  "fixed_assets",
  "freight_forwarders",
  "goods_delivery_note_items",
  "goods_delivery_notes",
  "goods_issues",
  "goods_receipts",
  "idempotency_keys",
  "inventory_cost_components",
  "inventory_location_stocks",
  "inventory_locations",
  "inventory_transactions",
  "inventory_valuation_snapshots",
  "invoice_items",
  "journal_entries",
  "journal_entry_draft_lines",
  "journal_entry_drafts",
  "landed_cost_allocations",
  "landed_cost_documents",
  "lay_by_schedules",
  "layby_items",
  "layby_payments",
  "laybys",
  "leave_balances",
  "leave_requests",
  "ledger_entries",
  "loan_installments",
  "manufacturing_machines",
  "manufacturing_material_reservations",
  "manufacturing_material_shortages",
  "manufacturing_material_transactions",
  "manufacturing_mrp_recommendations",
  "manufacturing_mrp_runs",
  "manufacturing_production_attachments",
  "manufacturing_production_notes",
  "manufacturing_production_schedule_lines",
  "manufacturing_production_schedules",
  "manufacturing_routing_operations",
  "manufacturing_routings",
  "manufacturing_work_centers",
  "mobile_money_transactions",
  "nec_sectors_config",
  "payment_allocations",
  "payment_batch_details",
  "payment_batches",
  "payments",
  "payroll_allowances",
  "payroll_attendance_imports",
  "payroll_calculation_audits",
  "payroll_deduction_types",
  "payroll_deductions",
  "payroll_earning_types",
  "payroll_elements",
  "payroll_import_batches",
  "payroll_import_rows",
  "payroll_integration_events",
  "payroll_pay_grade_steps",
  "payroll_pay_grades",
  "payroll_recurring_items",
  "payroll_remittances",
  "payroll_report_exports",
  "payroll_report_validation_issues",
  "payroll_run_employees",
  "payroll_runs",
  "payroll_salary_structures",
  "payroll_statutory_deadlines",
  "payroll_statutory_reports",
  "payroll_statutory_rules",
  "payroll_tax_brackets",
  "payroll_tax_tables",
  "payslip_documents",
  "pos_holds",
  "pos_shift_transactions",
  "pos_shifts",
  "positions",
  "price_adjustments",
  "product_batches",
  "product_categories",
  "product_serial_numbers",
  "product_variations",
  "production_run_consumptions",
  "production_runs",
  "provisions",
  "purchase_order_items",
  "purchase_orders",
  "purchase_return_items",
  "purchase_returns",
  "quotation_items",
  "quotations",
  "recipe_items",
  "recurring_invoices",
  "reset_tokens",
  "restaurant_sections",
  "restaurant_tables",
  "revenue_contracts",
  "sales_order_audit_logs",
  "sales_order_items",
  "sales_order_settings",
  "scheduled_reports",
  "standard_costs",
  "stock_allocations",
  "stock_reservations",
  "stock_take_items",
  "stock_takes",
  "stock_transfer_items",
  "stock_transfers",
  "subscriptions",
  "supplier_invoice_items",
  "supplier_invoices",
  "supplier_payment_allocations",
  "supplier_payments",
  "suppliers",
  "tax_categories",
  "tax_obligations",
  "tax_rate_history",
  "tax_tables_config",
  "tax_types",
  "tenant_integration_credentials",
  "time_confirmations",
  "users",
  "validation_errors",
  "warranty_claims",
  "withholding_tax_certificates",
  "withholding_tax_rates",
  "zimra_logs"
]