[dotenv@17.2.3] injecting env (10) from .env -- tip: ≡ƒöä add secrets lifecycle management: https://dotenvx.com/ops

--- ZIMRA GAP FILLER (Company ID: 8) ---
This script will bridge gaps in your sequence by submitting $0.01 Adjustment invoices.

Checking ZIMRA Cloud Status...
node : 
At line:1 char:1
+ node scripts/fill-s
equence-gap.cjs 8 
--test > 
test_output.txt 2>&1
+ ~~~~~~~~~~~~~~~~~~~
~~~~~~~~~~~~~~~~~~~~~
~~~~~~~~~~~~~~~~~~~~~
~~~~~
    + CategoryInfo   
           : NotSpe  
  cified: (:String   
 ) [], RemoteExce    
ption
    + FullyQualified 
   ErrorId : Native  
  CommandError
 
ZIMRA Error: 
