server/api/v1/payroll.ts(343,45): error TS2339: Property 'overrideAmount' does not exist on type 'PgTableWithColumns<{ name: "employee_payroll_elements"; schema: undefined; columns: { id: PgColumn<{ name: "id"; tableName: "employee_payroll_elements"; dataType: "number"; columnType: "PgSerial"; data: number; driverParam: number; ... 8 more ...; generated: undefined; }, {}, {}>; ... 7 more ...; effectiveTo: PgColu...'.
server/api/v1/payroll.ts(353,37): error TS2339: Property 'startDate' does not exist on type 'PgTableWithColumns<{ name: "employee_payroll_elements"; schema: undefined; columns: { id: PgColumn<{ name: "id"; tableName: "employee_payroll_elements"; dataType: "number"; columnType: "PgSerial"; data: number; driverParam: number; ... 8 more ...; generated: undefined; }, {}, {}>; ... 7 more ...; effectiveTo: PgColu...'.
server/api/v1/payroll.ts(354,38): error TS2339: Property 'endDate' does not exist on type 'PgTableWithColumns<{ name: "employee_payroll_elements"; schema: undefined; columns: { id: PgColumn<{ name: "id"; tableName: "employee_payroll_elements"; dataType: "number"; columnType: "PgSerial"; data: number; driverParam: number; ... 8 more ...; generated: undefined; }, {}, {}>; ... 7 more ...; effectiveTo: PgColu...'.
server/api/v1/payroll.ts(354,84): error TS2339: Property 'endDate' does not exist on type 'PgTableWithColumns<{ name: "employee_payroll_elements"; schema: undefined; columns: { id: PgColumn<{ name: "id"; tableName: "employee_payroll_elements"; dataType: "number"; columnType: "PgSerial"; data: number; driverParam: number; ... 8 more ...; generated: undefined; }, {}, {}>; ... 7 more ...; effectiveTo: PgColu...'.
server/api/v1/payroll.ts(403,30): error TS2339: Property 'minAmount' does not exist on type 'PgTableWithColumns<{ name: "payroll_tax_brackets"; schema: undefined; columns: { id: PgColumn<{ name: "id"; tableName: "payroll_tax_brackets"; dataType: "number"; columnType: "PgSerial"; data: number; driverParam: number; ... 8 more ...; generated: undefined; }, {}, {}>; ... 6 more ...; baseTax: PgColumn<...>; }; di...'.
server/api/v1/payroll.ts(1161,8): error TS2769: No overload matches this call.
  Overload 1 of 2, '(value: { effectiveFrom: string | SQL<unknown> | Placeholder<string, any>; amount: string | SQL<unknown> | Placeholder<string, any>; employeeId: number | SQL<...> | Placeholder<...>; ... 5 more ...; deductionTypeId?: number | ... 3 more ... | undefined; }): PgInsertBase<...>', gave the following error.
    Argument of type '{ isActive: true; startDate: string; endDate?: string | null | undefined; earningTypeId?: number | null | undefined; deductionTypeId?: number | null | undefined; overrideAmount?: string | null | undefined; employeeId: number; }' is not assignable to parameter of type '{ effectiveFrom: string | SQL<unknown> | Placeholder<string, any>; amount: string | SQL<unknown> | Placeholder<string, any>; employeeId: number | SQL<unknown> | Placeholder<...>; ... 5 more ...; deductionTypeId?: number | ... 3 more ... | undefined; }'.
      Type '{ isActive: true; startDate: string; endDate?: string | null | undefined; earningTypeId?: number | null | undefined; deductionTypeId?: number | null | undefined; overrideAmount?: string | null | undefined; employeeId: number; }' is missing the following properties from type '{ effectiveFrom: string | SQL<unknown> | Placeholder<string, any>; amount: string | SQL<unknown> | Placeholder<string, any>; employeeId: number | SQL<unknown> | Placeholder<...>; ... 5 more ...; deductionTypeId?: number | ... 3 more ... | undefined; }': effectiveFrom, amount
  Overload 2 of 2, '(values: { effectiveFrom: string | SQL<unknown> | Placeholder<string, any>; amount: string | SQL<unknown> | Placeholder<string, any>; employeeId: number | SQL<...> | Placeholder<...>; ... 5 more ...; deductionTypeId?: number | ... 3 more ... | undefined; }[]): PgInsertBase<...>', gave the following error.
    Object literal may only specify known properties, and 'isActive' does not exist in type '{ effectiveFrom: string | SQL<unknown> | Placeholder<string, any>; amount: string | SQL<unknown> | Placeholder<string, any>; employeeId: number | SQL<unknown> | Placeholder<...>; ... 5 more ...; deductionTypeId?: number | ... 3 more ... | undefined; }[]'.
server/api/v1/payroll.ts(1653,55): error TS2769: No overload matches this call.
  Overload 1 of 2, '(value: { name: string | SQL<unknown> | Placeholder<string, any>; effectiveFrom: string | SQL<unknown> | Placeholder<string, any>; ruleCode: string | SQL<unknown> | Placeholder<...>; ... 15 more ...; metadata?: unknown; }): PgInsertBase<...>', gave the following error.
    Object literal may only specify known properties, and 'aidsLevyRate' does not exist in type '{ name: string | SQL<unknown> | Placeholder<string, any>; effectiveFrom: string | SQL<unknown> | Placeholder<string, any>; ruleCode: string | SQL<unknown> | Placeholder<...>; ... 15 more ...; metadata?: unknown; }'.
  Overload 2 of 2, '(values: { name: string | SQL<unknown> | Placeholder<string, any>; effectiveFrom: string | SQL<unknown> | Placeholder<string, any>; ruleCode: string | SQL<unknown> | Placeholder<...>; ... 15 more ...; metadata?: unknown; }[]): PgInsertBase<...>', gave the following error.
    Object literal may only specify known properties, and 'companyId' does not exist in type '{ name: string | SQL<unknown> | Placeholder<string, any>; effectiveFrom: string | SQL<unknown> | Placeholder<string, any>; ruleCode: string | SQL<unknown> | Placeholder<...>; ... 15 more ...; metadata?: unknown; }[]'.
server/api/v1/payroll.ts(1703,37): error TS2339: Property 'minAmount' does not exist on type 'PgTableWithColumns<{ name: "payroll_tax_brackets"; schema: undefined; columns: { id: PgColumn<{ name: "id"; tableName: "payroll_tax_brackets"; dataType: "number"; columnType: "PgSerial"; data: number; driverParam: number; ... 8 more ...; generated: undefined; }, {}, {}>; ... 6 more ...; baseTax: PgColumn<...>; }; di...'.
server/api/v1/payroll.ts(1736,50): error TS2769: No overload matches this call.
  Overload 1 of 2, '(value: { effectiveFrom: string | SQL<unknown> | Placeholder<string, any>; taxYear: number | SQL<unknown> | Placeholder<string, any>; id?: number | SQL<unknown> | Placeholder<...> | undefined; ... 8 more ...; sourceReference?: string | ... 3 more ... | undefined; }): PgInsertBase<...>', gave the following error.
    Object literal may only specify known properties, and 'name' does not exist in type '{ effectiveFrom: string | SQL<unknown> | Placeholder<string, any>; taxYear: number | SQL<unknown> | Placeholder<string, any>; id?: number | SQL<unknown> | Placeholder<...> | undefined; ... 8 more ...; sourceReference?: string | ... 3 more ... | undefined; }'.
  Overload 2 of 2, '(values: { effectiveFrom: string | SQL<unknown> | Placeholder<string, any>; taxYear: number | SQL<unknown> | Placeholder<string, any>; id?: number | SQL<unknown> | Placeholder<...> | undefined; ... 8 more ...; sourceReference?: string | ... 3 more ... | undefined; }[]): PgInsertBase<...>', gave the following error.
    Object literal may only specify known properties, and 'companyId' does not exist in type '{ effectiveFrom: string | SQL<unknown> | Placeholder<string, any>; taxYear: number | SQL<unknown> | Placeholder<string, any>; id?: number | SQL<unknown> | Placeholder<...> | undefined; ... 8 more ...; sourceReference?: string | ... 3 more ... | undefined; }[]'.
server/api/v1/payroll.ts(1748,11): error TS2769: No overload matches this call.
  Overload 1 of 2, '(value: { taxTableId: number | SQL<unknown> | Placeholder<string, any>; bracketOrder: number | SQL<unknown> | Placeholder<string, any>; id?: number | SQL<unknown> | Placeholder<...> | undefined; ... 4 more ...; baseTax?: string | ... 2 more ... | undefined; }): PgInsertBase<...>', gave the following error.
    Argument of type '{ taxTableId: number; minAmount: string; maxAmount: string | null; rate: string; deductionConstant: string; }[]' is not assignable to parameter of type '{ taxTableId: number | SQL<unknown> | Placeholder<string, any>; bracketOrder: number | SQL<unknown> | Placeholder<string, any>; id?: number | SQL<unknown> | Placeholder<...> | undefined; ... 4 more ...; baseTax?: string | ... 2 more ... | undefined; }'.
      Type '{ taxTableId: number; minAmount: string; maxAmount: string | null; rate: string; deductionConstant: string; }[]' is missing the following properties from type '{ taxTableId: number | SQL<unknown> | Placeholder<string, any>; bracketOrder: number | SQL<unknown> | Placeholder<string, any>; id?: number | SQL<unknown> | Placeholder<...> | undefined; ... 4 more ...; baseTax?: string | ... 2 more ... | undefined; }': taxTableId, bracketOrder
  Overload 2 of 2, '(values: { taxTableId: number | SQL<unknown> | Placeholder<string, any>; bracketOrder: number | SQL<unknown> | Placeholder<string, any>; id?: number | SQL<unknown> | Placeholder<...> | undefined; ... 4 more ...; baseTax?: string | ... 2 more ... | undefined; }[]): PgInsertBase<...>', gave the following error.
    Argument of type '{ taxTableId: number; minAmount: string; maxAmount: string | null; rate: string; deductionConstant: string; }[]' is not assignable to parameter of type '{ taxTableId: number | SQL<unknown> | Placeholder<string, any>; bracketOrder: number | SQL<unknown> | Placeholder<string, any>; id?: number | SQL<unknown> | Placeholder<...> | undefined; ... 4 more ...; baseTax?: string | ... 2 more ... | undefined; }[]'.
      Property 'bracketOrder' is missing in type '{ taxTableId: number; minAmount: string; maxAmount: string | null; rate: string; deductionConstant: string; }' but required in type '{ taxTableId: number | SQL<unknown> | Placeholder<string, any>; bracketOrder: number | SQL<unknown> | Placeholder<string, any>; id?: number | SQL<unknown> | Placeholder<...> | undefined; ... 4 more ...; baseTax?: string | ... 2 more ... | undefined; }'.
server/api/v1/payroll.ts(1771,53): error TS2769: No overload matches this call.
  Overload 1 of 2, '(value: { effectiveFrom: string | SQL<unknown> | Placeholder<string, any>; taxYear: number | SQL<unknown> | Placeholder<string, any>; id?: number | SQL<unknown> | Placeholder<...> | undefined; ... 8 more ...; sourceReference?: string | ... 3 more ... | undefined; }): PgInsertBase<...>', gave the following error.
    Object literal may only specify known properties, and 'name' does not exist in type '{ effectiveFrom: string | SQL<unknown> | Placeholder<string, any>; taxYear: number | SQL<unknown> | Placeholder<string, any>; id?: number | SQL<unknown> | Placeholder<...> | undefined; ... 8 more ...; sourceReference?: string | ... 3 more ... | undefined; }'.
  Overload 2 of 2, '(values: { effectiveFrom: string | SQL<unknown> | Placeholder<string, any>; taxYear: number | SQL<unknown> | Placeholder<string, any>; id?: number | SQL<unknown> | Placeholder<...> | undefined; ... 8 more ...; sourceReference?: string | ... 3 more ... | undefined; }[]): PgInsertBase<...>', gave the following error.
    Object literal may only specify known properties, and 'companyId' does not exist in type '{ effectiveFrom: string | SQL<unknown> | Placeholder<string, any>; taxYear: number | SQL<unknown> | Placeholder<string, any>; id?: number | SQL<unknown> | Placeholder<...> | undefined; ... 8 more ...; sourceReference?: string | ... 3 more ... | undefined; }[]'.
server/api/v1/payroll.ts(1774,43): error TS2769: No overload matches this call.
  Overload 1 of 2, '(value: { taxTableId: number | SQL<unknown> | Placeholder<string, any>; bracketOrder: number | SQL<unknown> | Placeholder<string, any>; id?: number | SQL<unknown> | Placeholder<...> | undefined; ... 4 more ...; baseTax?: string | ... 2 more ... | undefined; }): PgInsertBase<...>', gave the following error.
    Argument of type '({ taxTableId: number; minAmount: string; maxAmount: string; rate: string; deductionConstant: string; } | { taxTableId: number; minAmount: string; maxAmount: null; rate: string; deductionConstant: string; })[]' is not assignable to parameter of type '{ taxTableId: number | SQL<unknown> | Placeholder<string, any>; bracketOrder: number | SQL<unknown> | Placeholder<string, any>; id?: number | SQL<unknown> | Placeholder<...> | undefined; ... 4 more ...; baseTax?: string | ... 2 more ... | undefined; }'.
      Type '({ taxTableId: number; minAmount: string; maxAmount: string; rate: string; deductionConstant: string; } | { taxTableId: number; minAmount: string; maxAmount: null; rate: string; deductionConstant: string; })[]' is missing the following properties from type '{ taxTableId: number | SQL<unknown> | Placeholder<string, any>; bracketOrder: number | SQL<unknown> | Placeholder<string, any>; id?: number | SQL<unknown> | Placeholder<...> | undefined; ... 4 more ...; baseTax?: string | ... 2 more ... | undefined; }': taxTableId, bracketOrder
server/api/v1/payroll.ts(1784,53): error TS2769: No overload matches this call.
  Overload 1 of 2, '(value: { effectiveFrom: string | SQL<unknown> | Placeholder<string, any>; taxYear: number | SQL<unknown> | Placeholder<string, any>; id?: number | SQL<unknown> | Placeholder<...> | undefined; ... 8 more ...; sourceReference?: string | ... 3 more ... | undefined; }): PgInsertBase<...>', gave the following error.
    Object literal may only specify known properties, and 'name' does not exist in type '{ effectiveFrom: string | SQL<unknown> | Placeholder<string, any>; taxYear: number | SQL<unknown> | Placeholder<string, any>; id?: number | SQL<unknown> | Placeholder<...> | undefined; ... 8 more ...; sourceReference?: string | ... 3 more ... | undefined; }'.
  Overload 2 of 2, '(values: { effectiveFrom: string | SQL<unknown> | Placeholder<string, any>; taxYear: number | SQL<unknown> | Placeholder<string, any>; id?: number | SQL<unknown> | Placeholder<...> | undefined; ... 8 more ...; sourceReference?: string | ... 3 more ... | undefined; }[]): PgInsertBase<...>', gave the following error.
    Object literal may only specify known properties, and 'companyId' does not exist in type '{ effectiveFrom: string | SQL<unknown> | Placeholder<string, any>; taxYear: number | SQL<unknown> | Placeholder<string, any>; id?: number | SQL<unknown> | Placeholder<...> | undefined; ... 8 more ...; sourceReference?: string | ... 3 more ... | undefined; }[]'.
server/api/v1/payroll.ts(1787,43): error TS2769: No overload matches this call.
  Overload 1 of 2, '(value: { taxTableId: number | SQL<unknown> | Placeholder<string, any>; bracketOrder: number | SQL<unknown> | Placeholder<string, any>; id?: number | SQL<unknown> | Placeholder<...> | undefined; ... 4 more ...; baseTax?: string | ... 2 more ... | undefined; }): PgInsertBase<...>', gave the following error.
    Argument of type '({ taxTableId: number; minAmount: string; maxAmount: string; rate: string; deductionConstant: string; } | { taxTableId: number; minAmount: string; maxAmount: null; rate: string; deductionConstant: string; })[]' is not assignable to parameter of type '{ taxTableId: number | SQL<unknown> | Placeholder<string, any>; bracketOrder: number | SQL<unknown> | Placeholder<string, any>; id?: number | SQL<unknown> | Placeholder<...> | undefined; ... 4 more ...; baseTax?: string | ... 2 more ... | undefined; }'.
      Type '({ taxTableId: number; minAmount: string; maxAmount: string; rate: string; deductionConstant: string; } | { taxTableId: number; minAmount: string; maxAmount: null; rate: string; deductionConstant: string; })[]' is missing the following properties from type '{ taxTableId: number | SQL<unknown> | Placeholder<string, any>; bracketOrder: number | SQL<unknown> | Placeholder<string, any>; id?: number | SQL<unknown> | Placeholder<...> | undefined; ... 4 more ...; baseTax?: string | ... 2 more ... | undefined; }': taxTableId, bracketOrder
server/api/v1/payroll.ts(1981,11): error TS2304: Cannot find name 'lt'.
server/api/v1/payroll.ts(2047,22): error TS2304: Cannot find name 'statutory'.
server/api/v1/payroll.ts(2053,54): error TS2339: Property 'aidsLevyRate' does not exist on type '{ id: number; companyId: number | null; countryCode: string; ruleCode: string; name: string; currency: string; payFrequency: string; employeeRate: string; employerRate: string; ceilingAmount: string | null; ... 8 more ...; createdAt: Date | null; }'.
server/api/v1/payroll.ts(2054,52): error TS2339: Property 'zimdefRate' does not exist on type '{ id: number; companyId: number | null; countryCode: string; ruleCode: string; name: string; currency: string; payFrequency: string; employeeRate: string; employerRate: string; ceilingAmount: string | null; ... 8 more ...; createdAt: Date | null; }'.
server/api/v1/payroll.ts(2055,59): error TS2339: Property 'standardsLevyRate' does not exist on type '{ id: number; companyId: number | null; countryCode: string; ruleCode: string; name: string; currency: string; payFrequency: string; employeeRate: string; employerRate: string; ceilingAmount: string | null; ... 8 more ...; createdAt: Date | null; }'.
server/api/v1/payroll.ts(2056,63): error TS2339: Property 'taxFreeBonusThreshold' does not exist on type '{ id: number; companyId: number | null; countryCode: string; ruleCode: string; name: string; currency: string; payFrequency: string; employeeRate: string; employerRate: string; ceilingAmount: string | null; ... 8 more ...; createdAt: Date | null; }'.
server/api/v1/payroll.ts(2057,58): error TS2339: Property 'nssaRateEmployee' does not exist on type '{ id: number; companyId: number | null; countryCode: string; ruleCode: string; name: string; currency: string; payFrequency: string; employeeRate: string; employerRate: string; ceilingAmount: string | null; ... 8 more ...; createdAt: Date | null; }'.
server/api/v1/payroll.ts(2058,58): error TS2339: Property 'nssaRateEmployer' does not exist on type '{ id: number; companyId: number | null; countryCode: string; ruleCode: string; name: string; currency: string; payFrequency: string; employeeRate: string; employerRate: string; ceilingAmount: string | null; ... 8 more ...; createdAt: Date | null; }'.
server/api/v1/payroll.ts(2059,58): error TS2339: Property 'nssaCeilingLimit' does not exist on type '{ id: number; companyId: number | null; countryCode: string; ruleCode: string; name: string; currency: string; payFrequency: string; employeeRate: string; employerRate: string; ceilingAmount: string | null; ... 8 more ...; createdAt: Date | null; }'.
server/api/v1/payroll.ts(2060,65): error TS2339: Property 'medicalAidCreditMonthly' does not exist on type '{ id: number; companyId: number | null; countryCode: string; ruleCode: string; name: string; currency: string; payFrequency: string; employeeRate: string; employerRate: string; ceilingAmount: string | null; ... 8 more ...; createdAt: Date | null; }'.
server/api/v1/payroll.ts(2061,65): error TS2339: Property 'blindPersonCreditAnnual' does not exist on type '{ id: number; companyId: number | null; countryCode: string; ruleCode: string; name: string; currency: string; payFrequency: string; employeeRate: string; employerRate: string; ceilingAmount: string | null; ... 8 more ...; createdAt: Date | null; }'.
server/api/v1/payroll.ts(2062,67): error TS2339: Property 'elderlyPersonCreditAnnual' does not exist on type '{ id: number; companyId: number | null; countryCode: string; ruleCode: string; name: string; currency: string; payFrequency: string; employeeRate: string; employerRate: string; ceilingAmount: string | null; ... 8 more ...; createdAt: Date | null; }'.
server/api/v1/payroll.ts(2063,71): error TS2339: Property 'maxTaxDeductiblePensionAnnual' does not exist on type '{ id: number; companyId: number | null; countryCode: string; ruleCode: string; name: string; currency: string; payFrequency: string; employeeRate: string; employerRate: string; ceilingAmount: string | null; ... 8 more ...; createdAt: Date | null; }'.
server/api/v1/payroll.ts(2064,42): error TS2339: Property 'hoursPerDay' does not exist on type '{ id: number; companyId: number | null; countryCode: string; ruleCode: string; name: string; currency: string; payFrequency: string; employeeRate: string; employerRate: string; ceilingAmount: string | null; ... 8 more ...; createdAt: Date | null; }'.
server/api/v1/payroll.ts(2065,50): error TS2339: Property 'workingDaysPerMonth' does not exist on type '{ id: number; companyId: number | null; countryCode: string; ruleCode: string; name: string; currency: string; payFrequency: string; employeeRate: string; employerRate: string; ceilingAmount: string | null; ... 8 more ...; createdAt: Date | null; }'.
server/api/v1/payroll.ts(2066,68): error TS2339: Property 'overtimeMultiplierStandard' does not exist on type '{ id: number; companyId: number | null; countryCode: string; ruleCode: string; name: string; currency: string; payFrequency: string; employeeRate: string; employerRate: string; ceilingAmount: string | null; ... 8 more ...; createdAt: Date | null; }'.
server/api/v1/payroll.ts(2067,66): error TS2339: Property 'overtimeMultiplierSunday' does not exist on type '{ id: number; companyId: number | null; countryCode: string; ruleCode: string; name: string; currency: string; payFrequency: string; employeeRate: string; employerRate: string; ceilingAmount: string | null; ... 8 more ...; createdAt: Date | null; }'.
server/api/v1/payroll.ts(2431,9): error TS2353: Object literal may only specify known properties, and 'preparedBy' does not exist in type '{ companyId?: number | SQL<unknown> | PgColumn<ColumnBaseConfig<ColumnDataType, string>, {}, {}> | undefined; periodStart?: string | SQL<...> | PgColumn<...> | undefined; ... 19 more ...; totalNet?: string | ... 2 more ... | undefined; }'.
server/api/v1/payroll.ts(2459,13): error TS2339: Property 'preparedBy' does not exist on type '{ id: number; companyId: number; branchId: number | null; periodStart: string; periodEnd: string; payFrequency: string; currency: string; exchangeRate: string; status: string; version: number; ... 11 more ...; updatedAt: Date | null; }'.
server/api/v1/payroll.ts(2577,61): error TS2339: Property 'earningTypeId' does not exist on type 'PgTableWithColumns<{ name: "payroll_allowances"; schema: undefined; columns: { id: PgColumn<{ name: "id"; tableName: "payroll_allowances"; dataType: "number"; columnType: "PgSerial"; data: number; driverParam: number; ... 8 more ...; generated: undefined; }, {}, {}>; ... 5 more ...; allowanceType: PgColumn<...>; }; ...'.
server/api/v1/payroll.ts(2595,63): error TS2551: Property 'deductionTypeId' does not exist on type 'PgTableWithColumns<{ name: "payroll_deductions"; schema: undefined; columns: { id: PgColumn<{ name: "id"; tableName: "payroll_deductions"; dataType: "number"; columnType: "PgSerial"; data: number; driverParam: number; ... 8 more ...; generated: undefined; }, {}, {}>; ... 4 more ...; deductionType: PgColumn<...>; }; ...'. Did you mean 'deductionType'?
server/storage.ts(8456,49): error TS2769: No overload matches this call.
  Overload 1 of 2, '(value: { type: string | SQL<unknown> | Placeholder<string, any>; amount: string | SQL<unknown> | Placeholder<string, any>; accountId: number | SQL<unknown> | Placeholder<...>; ... 6 more ...; memo?: string | ... 3 more ... | undefined; }): PgInsertBase<...>', gave the following error.
    Object literal may only specify known properties, and 'baseAmount' does not exist in type '{ type: string | SQL<unknown> | Placeholder<string, any>; amount: string | SQL<unknown> | Placeholder<string, any>; accountId: number | SQL<unknown> | Placeholder<...>; ... 6 more ...; memo?: string | ... 3 more ... | undefined; }'.
  Overload 2 of 2, '(values: { type: string | SQL<unknown> | Placeholder<string, any>; amount: string | SQL<unknown> | Placeholder<string, any>; accountId: number | SQL<unknown> | Placeholder<...>; ... 6 more ...; memo?: string | ... 3 more ... | undefined; }[]): PgInsertBase<...>', gave the following error.
    Object literal may only specify known properties, and 'draftId' does not exist in type '{ type: string | SQL<unknown> | Placeholder<string, any>; amount: string | SQL<unknown> | Placeholder<string, any>; accountId: number | SQL<unknown> | Placeholder<...>; ... 6 more ...; memo?: string | ... 3 more ... | undefined; }[]'.
server/storage.ts(8496,44): error TS2339: Property 'baseAmount' does not exist on type 'PgTableWithColumns<{ name: "journal_entry_draft_lines"; schema: undefined; columns: { id: PgColumn<{ name: "id"; tableName: "journal_entry_draft_lines"; dataType: "number"; columnType: "PgSerial"; data: number; driverParam: number; ... 8 more ...; generated: undefined; }, {}, {}>; ... 8 more ...; createdAt: PgColumn...'.
server/storage.ts(8546,33): error TS2339: Property 'baseAmount' does not exist on type 'PgTableWithColumns<{ name: "ledger_entries"; schema: undefined; columns: { id: PgColumn<{ name: "id"; tableName: "ledger_entries"; dataType: "number"; columnType: "PgSerial"; data: number; driverParam: number; notNull: true; ... 7 more ...; generated: undefined; }, {}, {}>; ... 14 more ...; createdAt: PgColumn<...>;...'.
server/storage.ts(8569,31): error TS2339: Property 'baseAmount' does not exist on type 'PgTableWithColumns<{ name: "ledger_entries"; schema: undefined; columns: { id: PgColumn<{ name: "id"; tableName: "ledger_entries"; dataType: "number"; columnType: "PgSerial"; data: number; driverParam: number; notNull: true; ... 7 more ...; generated: undefined; }, {}, {}>; ... 14 more ...; createdAt: PgColumn<...>;...'.
shared/schema.ts(2988,14): error TS2451: Cannot redeclare block-scoped variable 'payrollEarningTypes'.
shared/schema.ts(3011,14): error TS2451: Cannot redeclare block-scoped variable 'payrollDeductionTypes'.
shared/schema.ts(3745,66): error TS2448: Block-scoped variable 'payrollEarningTypes' used before its declaration.
shared/schema.ts(3745,66): error TS2454: Variable 'payrollEarningTypes' is used before being assigned.
shared/schema.ts(3745,104): error TS2322: Type 'boolean' is not assignable to type 'never'.
shared/schema.ts(3749,68): error TS2448: Block-scoped variable 'payrollDeductionTypes' used before its declaration.
shared/schema.ts(3749,68): error TS2454: Variable 'payrollDeductionTypes' is used before being assigned.
shared/schema.ts(3749,108): error TS2322: Type 'boolean' is not assignable to type 'never'.
shared/schema.ts(3876,13): error TS2304: Cannot find name 'varchar'.
shared/schema.ts(3887,14): error TS2304: Cannot find name 'varchar'.
shared/schema.ts(3913,13): error TS2304: Cannot find name 'varchar'.
shared/schema.ts(3914,17): error TS2304: Cannot find name 'varchar'.
shared/schema.ts(3923,14): error TS2451: Cannot redeclare block-scoped variable 'payrollEarningTypes'.
shared/schema.ts(3926,9): error TS2304: Cannot find name 'varchar'.
shared/schema.ts(3927,9): error TS2304: Cannot find name 'varchar'.
shared/schema.ts(3928,13): error TS2304: Cannot find name 'varchar'.
shared/schema.ts(3929,17): error TS2304: Cannot find name 'varchar'.
shared/schema.ts(3934,22): error TS2304: Cannot find name 'varchar'.
shared/schema.ts(3943,14): error TS2451: Cannot redeclare block-scoped variable 'payrollDeductionTypes'.
shared/schema.ts(3946,9): error TS2304: Cannot find name 'varchar'.
shared/schema.ts(3947,9): error TS2304: Cannot find name 'varchar'.
shared/schema.ts(3948,13): error TS2304: Cannot find name 'varchar'.
shared/schema.ts(3949,17): error TS2304: Cannot find name 'varchar'.
shared/schema.ts(3954,22): error TS2304: Cannot find name 'varchar'.
